Traceback (most recent call last):
  File "/u/pmaldonadocatala/.conda/envs/ml_env_2/lib/python3.11/site-packages/pandas/core/indexes/base.py", line 3805, in get_loc
    return self._engine.get_loc(casted_key)
           ^^^^^^^^^^^^^^^^^^^^^^^^^^^^^^^^
  File "index.pyx", line 167, in pandas._libs.index.IndexEngine.get_loc
  File "index.pyx", line 196, in pandas._libs.index.IndexEngine.get_loc
  File "pandas/_libs/hashtable_class_helper.pxi", line 7081, in pandas._libs.hashtable.PyObjectHashTable.get_item
  File "pandas/_libs/hashtable_class_helper.pxi", line 7089, in pandas._libs.hashtable.PyObjectHashTable.get_item
KeyError: 'metabolically_sensitive'

The above exception was the direct cause of the following exception:

Traceback (most recent call last):
  File "/u/pmaldonadocatala/metabolic_classification/pca_plot.py", line 69, in <module>
    pca_df["Metabolic_Sensitive"] = df["metabolically_sensitive"]  # Keep labels
                                    ~~^^^^^^^^^^^^^^^^^^^^^^^^^^^
  File "/u/pmaldonadocatala/.conda/envs/ml_env_2/lib/python3.11/site-packages/pandas/core/frame.py", line 4102, in __getitem__
    indexer = self.columns.get_loc(key)
              ^^^^^^^^^^^^^^^^^^^^^^^^^
  File "/u/pmaldonadocatala/.conda/envs/ml_env_2/lib/python3.11/site-packages/pandas/core/indexes/base.py", line 3812, in get_loc
    raise KeyError(key) from err
KeyError: 'metabolically_sensitive'
srun: error: gpub031: task 0: Exited with exit code 1
