2025-01-23 15:18:50,313 - distributed.nanny - INFO - Closing Nanny at 'tcp://141.142.254.166:35445'. Reason: failure-to-start-<class 'OSError'>
2025-01-23 15:18:50,313 - distributed.nanny - INFO - Nanny at 'tcp://141.142.254.166:35445' closed.
2025-01-23 15:18:50,313 - distributed.nanny - INFO - Closing Nanny at 'tcp://141.142.254.166:33225'. Reason: failure-to-start-<class 'OSError'>
2025-01-23 15:18:50,314 - distributed.nanny - INFO - Nanny at 'tcp://141.142.254.166:33225' closed.
2025-01-23 15:18:50,314 - distributed.nanny - INFO - Closing Nanny at 'tcp://141.142.254.166:42649'. Reason: failure-to-start-<class 'OSError'>
2025-01-23 15:18:50,314 - distributed.nanny - INFO - Nanny at 'tcp://141.142.254.166:42649' closed.
2025-01-23 15:18:50,314 - distributed.nanny - INFO - Closing Nanny at 'tcp://141.142.254.166:36889'. Reason: failure-to-start-<class 'OSError'>
2025-01-23 15:18:50,314 - distributed.nanny - INFO - Nanny at 'tcp://141.142.254.166:36889' closed.
2025-01-23 15:18:50,314 - distributed.dask_worker - INFO - End worker
ConnectionRefusedError: [Errno 111] Connection refused

The above exception was the direct cause of the following exception:

Traceback (most recent call last):
  File "/u/pmaldonadocatala/.conda/envs/ml_env_2/lib/python3.11/site-packages/distributed/comm/core.py", line 342, in connect
    comm = await wait_for(
           ^^^^^^^^^^^^^^^
  File "/u/pmaldonadocatala/.conda/envs/ml_env_2/lib/python3.11/site-packages/distributed/utils.py", line 1910, in wait_for
    return await fut
           ^^^^^^^^^
  File "/u/pmaldonadocatala/.conda/envs/ml_env_2/lib/python3.11/site-packages/distributed/comm/tcp.py", line 559, in connect
    convert_stream_closed_error(self, e)
  File "/u/pmaldonadocatala/.conda/envs/ml_env_2/lib/python3.11/site-packages/distributed/comm/tcp.py", line 140, in convert_stream_closed_error
    raise CommClosedError(f"in {obj}: {exc.__class__.__name__}: {exc}") from exc
distributed.comm.core.CommClosedError: in <distributed.comm.tcp.TCPConnector object at 0x7fb8d9645350>: ConnectionRefusedError: [Errno 111] Connection refused

The above exception was the direct cause of the following exception:

Traceback (most recent call last):
  File "/u/pmaldonadocatala/.conda/envs/ml_env_2/lib/python3.11/site-packages/distributed/core.py", line 528, in start
    await wait_for(self.start_unsafe(), timeout=timeout)
  File "/u/pmaldonadocatala/.conda/envs/ml_env_2/lib/python3.11/site-packages/distributed/utils.py", line 1910, in wait_for
    return await fut
           ^^^^^^^^^
  File "/u/pmaldonadocatala/.conda/envs/ml_env_2/lib/python3.11/site-packages/distributed/nanny.py", line 358, in start_unsafe
    comm = await self.rpc.connect(saddr)
           ^^^^^^^^^^^^^^^^^^^^^^^^^^^^^
  File "/u/pmaldonadocatala/.conda/envs/ml_env_2/lib/python3.11/site-packages/distributed/core.py", line 1485, in connect
    return await self._connect(addr=addr, timeout=timeout)
           ^^^^^^^^^^^^^^^^^^^^^^^^^^^^^^^^^^^^^^^^^^^^^^^
  File "/u/pmaldonadocatala/.conda/envs/ml_env_2/lib/python3.11/site-packages/distributed/core.py", line 1429, in _connect
    comm = await connect(
           ^^^^^^^^^^^^^^
  File "/u/pmaldonadocatala/.conda/envs/ml_env_2/lib/python3.11/site-packages/distributed/comm/core.py", line 368, in connect
    raise OSError(
OSError: Timed out trying to connect to tcp://141.142.254.166:42167 after 30 s

The above exception was the direct cause of the following exception:

Traceback (most recent call last):
  File "<frozen runpy>", line 198, in _run_module_as_main
  File "<frozen runpy>", line 88, in _run_code
  File "/u/pmaldonadocatala/.conda/envs/ml_env_2/lib/python3.11/site-packages/distributed/cli/dask_worker.py", line 546, in <module>
    main()  # pragma: no cover
    ^^^^^^
  File "/u/pmaldonadocatala/.conda/envs/ml_env_2/lib/python3.11/site-packages/click/core.py", line 1157, in __call__
    return self.main(*args, **kwargs)
           ^^^^^^^^^^^^^^^^^^^^^^^^^^
  File "/u/pmaldonadocatala/.conda/envs/ml_env_2/lib/python3.11/site-packages/click/core.py", line 1078, in main
    rv = self.invoke(ctx)
         ^^^^^^^^^^^^^^^^
  File "/u/pmaldonadocatala/.conda/envs/ml_env_2/lib/python3.11/site-packages/click/core.py", line 1434, in invoke
    return ctx.invoke(self.callback, **ctx.params)
           ^^^^^^^^^^^^^^^^^^^^^^^^^^^^^^^^^^^^^^^
  File "/u/pmaldonadocatala/.conda/envs/ml_env_2/lib/python3.11/site-packages/click/core.py", line 783, in invoke
    return __callback(*args, **kwargs)
           ^^^^^^^^^^^^^^^^^^^^^^^^^^^
  File "/u/pmaldonadocatala/.conda/envs/ml_env_2/lib/python3.11/site-packages/distributed/cli/dask_worker.py", line 452, in main
    asyncio_run(run(), loop_factory=get_loop_factory())
  File "/u/pmaldonadocatala/.conda/envs/ml_env_2/lib/python3.11/site-packages/distributed/compatibility.py", line 204, in asyncio_run
    return runner.run(main)
           ^^^^^^^^^^^^^^^^
  File "/u/pmaldonadocatala/.conda/envs/ml_env_2/lib/python3.11/asyncio/runners.py", line 118, in run
    return self._loop.run_until_complete(task)
           ^^^^^^^^^^^^^^^^^^^^^^^^^^^^^^^^^^^
  File "/u/pmaldonadocatala/.conda/envs/ml_env_2/lib/python3.11/asyncio/base_events.py", line 654, in run_until_complete
    return future.result()
           ^^^^^^^^^^^^^^^
  File "/u/pmaldonadocatala/.conda/envs/ml_env_2/lib/python3.11/site-packages/distributed/cli/dask_worker.py", line 449, in run
    [task.result() for task in done]
  File "/u/pmaldonadocatala/.conda/envs/ml_env_2/lib/python3.11/site-packages/distributed/cli/dask_worker.py", line 449, in <listcomp>
    [task.result() for task in done]
     ^^^^^^^^^^^^^
  File "/u/pmaldonadocatala/.conda/envs/ml_env_2/lib/python3.11/site-packages/distributed/cli/dask_worker.py", line 422, in wait_for_nannies_to_finish
    await asyncio.gather(*nannies)
  File "/u/pmaldonadocatala/.conda/envs/ml_env_2/lib/python3.11/asyncio/tasks.py", line 694, in _wrap_awaitable
    return (yield from awaitable.__await__())
            ^^^^^^^^^^^^^^^^^^^^^^^^^^^^^^^^
  File "/u/pmaldonadocatala/.conda/envs/ml_env_2/lib/python3.11/site-packages/distributed/core.py", line 536, in start
    raise RuntimeError(f"{type(self).__name__} failed to start.") from exc
RuntimeError: Nanny failed to start.
