Traceback (most recent call last):
  File "/u/pmaldonadocatala/metabolic_classification/parquet_merging.py", line 65, in <module>
    s3.upload_file("merged_embeddings.parquet", bucket_name, "processed_data/master_embeddings.parquet")
  File "/u/pmaldonadocatala/.conda/envs/ml_env_2/lib/python3.11/site-packages/boto3/s3/inject.py", line 145, in upload_file
    return transfer.upload_file(
           ^^^^^^^^^^^^^^^^^^^^^
  File "/u/pmaldonadocatala/.conda/envs/ml_env_2/lib/python3.11/site-packages/boto3/s3/transfer.py", line 372, in upload_file
    future.result()
  File "/u/pmaldonadocatala/.conda/envs/ml_env_2/lib/python3.11/site-packages/s3transfer/futures.py", line 103, in result
    return self._coordinator.result()
           ^^^^^^^^^^^^^^^^^^^^^^^^^^
  File "/u/pmaldonadocatala/.conda/envs/ml_env_2/lib/python3.11/site-packages/s3transfer/futures.py", line 266, in result
    raise self._exception
  File "/u/pmaldonadocatala/.conda/envs/ml_env_2/lib/python3.11/site-packages/s3transfer/tasks.py", line 269, in _main
    self._submit(transfer_future=transfer_future, **kwargs)
  File "/u/pmaldonadocatala/.conda/envs/ml_env_2/lib/python3.11/site-packages/s3transfer/upload.py", line 591, in _submit
    upload_input_manager.provide_transfer_size(transfer_future)
  File "/u/pmaldonadocatala/.conda/envs/ml_env_2/lib/python3.11/site-packages/s3transfer/upload.py", line 244, in provide_transfer_size
    self._osutil.get_file_size(transfer_future.meta.call_args.fileobj)
  File "/u/pmaldonadocatala/.conda/envs/ml_env_2/lib/python3.11/site-packages/s3transfer/utils.py", line 256, in get_file_size
    return os.path.getsize(filename)
           ^^^^^^^^^^^^^^^^^^^^^^^^^
  File "<frozen genericpath>", line 50, in getsize
FileNotFoundError: [Errno 2] No such file or directory: 'merged_embeddings.parquet'
srun: error: gpub034: task 0: Exited with exit code 1
