Traceback (most recent call last):
  File "/u/pmaldonadocatala/metabolic_classification/PCA_reduction.py", line 69, in <module>
    reduced_embeddings = pca.fit_transform(merged_df.iloc[:, :-len(metadata_df.columns)].values)
                         ^^^^^^^^^^^^^^^^^^^^^^^^^^^^^^^^^^^^^^^^^^^^^^^^^^^^^^^^^^^^^^^^^^^^^^^
  File "/u/pmaldonadocatala/.conda/envs/ml_env_2/lib/python3.11/site-packages/sklearn/utils/_set_output.py", line 319, in wrapped
    data_to_wrap = f(self, X, *args, **kwargs)
                   ^^^^^^^^^^^^^^^^^^^^^^^^^^^
  File "/u/pmaldonadocatala/.conda/envs/ml_env_2/lib/python3.11/site-packages/sklearn/base.py", line 1389, in wrapper
    return fit_method(estimator, *args, **kwargs)
           ^^^^^^^^^^^^^^^^^^^^^^^^^^^^^^^^^^^^^^
  File "/u/pmaldonadocatala/.conda/envs/ml_env_2/lib/python3.11/site-packages/sklearn/decomposition/_pca.py", line 468, in fit_transform
    U, S, _, X, x_is_centered, xp = self._fit(X)
                                    ^^^^^^^^^^^^
  File "/u/pmaldonadocatala/.conda/envs/ml_env_2/lib/python3.11/site-packages/sklearn/decomposition/_pca.py", line 505, in _fit
    X = validate_data(
        ^^^^^^^^^^^^^^
  File "/u/pmaldonadocatala/.conda/envs/ml_env_2/lib/python3.11/site-packages/sklearn/utils/validation.py", line 2944, in validate_data
    out = check_array(X, input_name="X", **check_params)
          ^^^^^^^^^^^^^^^^^^^^^^^^^^^^^^^^^^^^^^^^^^^^^^
  File "/u/pmaldonadocatala/.conda/envs/ml_env_2/lib/python3.11/site-packages/sklearn/utils/validation.py", line 1107, in check_array
    _assert_all_finite(
  File "/u/pmaldonadocatala/.conda/envs/ml_env_2/lib/python3.11/site-packages/sklearn/utils/validation.py", line 120, in _assert_all_finite
    _assert_all_finite_element_wise(
  File "/u/pmaldonadocatala/.conda/envs/ml_env_2/lib/python3.11/site-packages/sklearn/utils/validation.py", line 169, in _assert_all_finite_element_wise
    raise ValueError(msg_err)
ValueError: Input X contains NaN.
PCA does not accept missing values encoded as NaN natively. For supervised learning, you might want to consider sklearn.ensemble.HistGradientBoostingClassifier and Regressor which accept missing values encoded as NaNs natively. Alternatively, it is possible to preprocess the data, for instance by using an imputer transformer in a pipeline or drop samples with missing values. See https://scikit-learn.org/stable/modules/impute.html You can find a list of all estimators that handle NaN values at the following page: https://scikit-learn.org/stable/modules/impute.html#estimators-that-handle-nan-values
srun: error: gpub057: task 0: Exited with exit code 1
