Traceback (most recent call last):
  File "pyarrow/_parquet.pyx", line 2167, in pyarrow._parquet.ParquetWriter.__cinit__
  File "/u/pmaldonadocatala/.conda/envs/ml_env_2/lib/python3.11/site-packages/pyarrow/util.py", line 151, in _stringify_path
    raise TypeError("not a path-like object")
TypeError: not a path-like object

During handling of the above exception, another exception occurred:

Traceback (most recent call last):
  File "pyarrow/io.pxi", line 2204, in pyarrow.lib.get_writer
  File "/u/pmaldonadocatala/.conda/envs/ml_env_2/lib/python3.11/site-packages/pyarrow/util.py", line 151, in _stringify_path
    raise TypeError("not a path-like object")
TypeError: not a path-like object

During handling of the above exception, another exception occurred:

Traceback (most recent call last):
  File "/u/pmaldonadocatala/metabolic_classification/parquet_conversion.py", line 46, in <module>
    df.to_parquet(parquet_buffer, index=False, engine="pyarrow", compression="snappy")
  File "/u/pmaldonadocatala/.conda/envs/ml_env_2/lib/python3.11/site-packages/pandas/util/_decorators.py", line 333, in wrapper
    return func(*args, **kwargs)
           ^^^^^^^^^^^^^^^^^^^^^
  File "/u/pmaldonadocatala/.conda/envs/ml_env_2/lib/python3.11/site-packages/pandas/core/frame.py", line 3113, in to_parquet
    return to_parquet(
           ^^^^^^^^^^^
  File "/u/pmaldonadocatala/.conda/envs/ml_env_2/lib/python3.11/site-packages/pandas/io/parquet.py", line 480, in to_parquet
    impl.write(
  File "/u/pmaldonadocatala/.conda/envs/ml_env_2/lib/python3.11/site-packages/pandas/io/parquet.py", line 228, in write
    self.api.parquet.write_table(
  File "/u/pmaldonadocatala/.conda/envs/ml_env_2/lib/python3.11/site-packages/pyarrow/parquet/core.py", line 1902, in write_table
    with ParquetWriter(
         ^^^^^^^^^^^^^^
  File "/u/pmaldonadocatala/.conda/envs/ml_env_2/lib/python3.11/site-packages/pyarrow/parquet/core.py", line 1021, in __init__
    self.writer = _parquet.ParquetWriter(
                  ^^^^^^^^^^^^^^^^^^^^^^^
  File "pyarrow/_parquet.pyx", line 2169, in pyarrow._parquet.ParquetWriter.__cinit__
  File "pyarrow/io.pxi", line 2208, in pyarrow.lib.get_writer
  File "pyarrow/io.pxi", line 971, in pyarrow.lib.PythonFile.__cinit__
TypeError: binary file expected, got text file
srun: error: gpub074: task 0: Exited with exit code 1
