Found 40 Parquet embedding files.
Loading 1/40: parquet_embeddings/pooled_embeddings_chunk_12.parquet
Loaded parquet_embeddings/pooled_embeddings_chunk_12.parquet - Shape: (20000, 4400)
Loading 2/40: parquet_embeddings/pooled_embeddings_chunk_13.parquet
Loaded parquet_embeddings/pooled_embeddings_chunk_13.parquet - Shape: (20000, 4400)
Loading 3/40: parquet_embeddings/pooled_embeddings_chunk_14.parquet
Loaded parquet_embeddings/pooled_embeddings_chunk_14.parquet - Shape: (20000, 4400)
Loading 4/40: parquet_embeddings/pooled_embeddings_chunk_15.parquet
Loaded parquet_embeddings/pooled_embeddings_chunk_15.parquet - Shape: (20000, 4400)
Loading 5/40: parquet_embeddings/pooled_embeddings_chunk_16.parquet
Loaded parquet_embeddings/pooled_embeddings_chunk_16.parquet - Shape: (20000, 4400)
Loading 6/40: parquet_embeddings/pooled_embeddings_chunk_17.parquet
Loaded parquet_embeddings/pooled_embeddings_chunk_17.parquet - Shape: (20000, 4400)
Loading 7/40: parquet_embeddings/pooled_embeddings_chunk_18.parquet
Loaded parquet_embeddings/pooled_embeddings_chunk_18.parquet - Shape: (20000, 4400)
Loading 8/40: parquet_embeddings/pooled_embeddings_chunk_19.parquet
Loaded parquet_embeddings/pooled_embeddings_chunk_19.parquet - Shape: (20000, 4400)
Loading 9/40: parquet_embeddings/pooled_embeddings_chunk_20.parquet
Loaded parquet_embeddings/pooled_embeddings_chunk_20.parquet - Shape: (20000, 4400)
Loading 10/40: parquet_embeddings/pooled_embeddings_chunk_21.parquet
Loaded parquet_embeddings/pooled_embeddings_chunk_21.parquet - Shape: (20000, 4400)
Loading 11/40: parquet_embeddings/pooled_embeddings_chunk_22.parquet
Loaded parquet_embeddings/pooled_embeddings_chunk_22.parquet - Shape: (20000, 4400)
Loading 12/40: parquet_embeddings/pooled_embeddings_chunk_23.parquet
Loaded parquet_embeddings/pooled_embeddings_chunk_23.parquet - Shape: (20000, 4400)
Loading 13/40: parquet_embeddings/pooled_embeddings_chunk_24.parquet
Loaded parquet_embeddings/pooled_embeddings_chunk_24.parquet - Shape: (20000, 4400)
Loading 14/40: parquet_embeddings/pooled_embeddings_chunk_25.parquet
Loaded parquet_embeddings/pooled_embeddings_chunk_25.parquet - Shape: (20000, 4400)
Loading 15/40: parquet_embeddings/pooled_embeddings_chunk_26.parquet
Loaded parquet_embeddings/pooled_embeddings_chunk_26.parquet - Shape: (20000, 4400)
Loading 16/40: parquet_embeddings/pooled_embeddings_chunk_27.parquet
Loaded parquet_embeddings/pooled_embeddings_chunk_27.parquet - Shape: (20000, 4400)
Loading 17/40: parquet_embeddings/pooled_embeddings_chunk_28.parquet
Loaded parquet_embeddings/pooled_embeddings_chunk_28.parquet - Shape: (20000, 4400)
Loading 18/40: parquet_embeddings/pooled_embeddings_chunk_29.parquet
Loaded parquet_embeddings/pooled_embeddings_chunk_29.parquet - Shape: (20000, 4400)
Loading 19/40: parquet_embeddings/pooled_embeddings_chunk_30.parquet
Loaded parquet_embeddings/pooled_embeddings_chunk_30.parquet - Shape: (20000, 4400)
Loading 20/40: parquet_embeddings/pooled_embeddings_chunk_31.parquet
Loaded parquet_embeddings/pooled_embeddings_chunk_31.parquet - Shape: (20000, 4400)
Loading 21/40: parquet_embeddings/pooled_embeddings_chunk_32.parquet
Loaded parquet_embeddings/pooled_embeddings_chunk_32.parquet - Shape: (20000, 4400)
Loading 22/40: parquet_embeddings/pooled_embeddings_chunk_33.parquet
Loaded parquet_embeddings/pooled_embeddings_chunk_33.parquet - Shape: (20000, 4400)
Loading 23/40: parquet_embeddings/pooled_embeddings_chunk_34.parquet
Loaded parquet_embeddings/pooled_embeddings_chunk_34.parquet - Shape: (20000, 4400)
Loading 24/40: parquet_embeddings/pooled_embeddings_chunk_35.parquet
Loaded parquet_embeddings/pooled_embeddings_chunk_35.parquet - Shape: (20000, 4400)
Loading 25/40: parquet_embeddings/pooled_embeddings_chunk_36.parquet
Loaded parquet_embeddings/pooled_embeddings_chunk_36.parquet - Shape: (20000, 4400)
Loading 26/40: parquet_embeddings/pooled_embeddings_chunk_37.parquet
Loaded parquet_embeddings/pooled_embeddings_chunk_37.parquet - Shape: (20000, 4400)
Loading 27/40: parquet_embeddings/pooled_embeddings_chunk_38.parquet
Loaded parquet_embeddings/pooled_embeddings_chunk_38.parquet - Shape: (20000, 4400)
Loading 28/40: parquet_embeddings/pooled_embeddings_chunk_39.parquet
Loaded parquet_embeddings/pooled_embeddings_chunk_39.parquet - Shape: (20000, 4400)
Loading 29/40: parquet_embeddings/pooled_embeddings_chunk_40.parquet
Loaded parquet_embeddings/pooled_embeddings_chunk_40.parquet - Shape: (20000, 4400)
Loading 30/40: parquet_embeddings/pooled_embeddings_chunk_41.parquet
Loaded parquet_embeddings/pooled_embeddings_chunk_41.parquet - Shape: (20000, 4400)
Loading 31/40: parquet_embeddings/pooled_embeddings_chunk_42.parquet
Loaded parquet_embeddings/pooled_embeddings_chunk_42.parquet - Shape: (20000, 4400)
Loading 32/40: parquet_embeddings/pooled_embeddings_chunk_43.parquet
Loaded parquet_embeddings/pooled_embeddings_chunk_43.parquet - Shape: (20000, 4400)
Loading 33/40: parquet_embeddings/pooled_embeddings_chunk_44.parquet
Loaded parquet_embeddings/pooled_embeddings_chunk_44.parquet - Shape: (20000, 4400)
Loading 34/40: parquet_embeddings/pooled_embeddings_chunk_45.parquet
Loaded parquet_embeddings/pooled_embeddings_chunk_45.parquet - Shape: (20000, 4400)
Loading 35/40: parquet_embeddings/pooled_embeddings_chunk_46.parquet
Loaded parquet_embeddings/pooled_embeddings_chunk_46.parquet - Shape: (20000, 4400)
Loading 36/40: parquet_embeddings/pooled_embeddings_chunk_47.parquet
Loaded parquet_embeddings/pooled_embeddings_chunk_47.parquet - Shape: (20000, 4400)
Loading 37/40: parquet_embeddings/pooled_embeddings_chunk_48.parquet
Loaded parquet_embeddings/pooled_embeddings_chunk_48.parquet - Shape: (20000, 4400)
Loading 38/40: parquet_embeddings/pooled_embeddings_chunk_49.parquet
Loaded parquet_embeddings/pooled_embeddings_chunk_49.parquet - Shape: (20000, 4400)
Loading 39/40: parquet_embeddings/pooled_embeddings_chunk_50.parquet
Loaded parquet_embeddings/pooled_embeddings_chunk_50.parquet - Shape: (20000, 4400)
Loading 40/40: parquet_embeddings/pooled_embeddings_chunk_51.parquet
Loaded parquet_embeddings/pooled_embeddings_chunk_51.parquet - Shape: (13868, 4400)
Merging all Parquet files into a master dataset...
Final merged dataset shape: (793868, 4400)
